<?xml version="1.0" encoding="ISO-8859-1" ?>
<link_info>
   <banner>TI ARM Linker PC v20.2.5.LTS</banner>
   <copyright>Copyright (c) 1996-2018 Texas Instruments Incorporated</copyright>
   <link_time>0x60c51ffe</link_time>
   <link_errors>0x0</link_errors>
   <output_file>GPS.out</output_file>
   <entry_point>
      <name>_c_int00_noargs</name>
      <address>0x57b5</address>
   </entry_point>
   <input_file_list>
      <input_file id="fl-2">
         <path>.\</path>
         <kind>object</kind>
         <file>GPS.obj</file>
         <name>GPS.obj</name>
      </input_file>
      <input_file id="fl-3">
         <path>.\</path>
         <kind>object</kind>
         <file>KEYPAD.obj</file>
         <name>KEYPAD.obj</name>
      </input_file>
      <input_file id="fl-4">
         <path>.\</path>
         <kind>object</kind>
         <file>LCD.obj</file>
         <name>LCD.obj</name>
      </input_file>
      <input_file id="fl-5">
         <path>.\</path>
         <kind>object</kind>
         <file>SYSTICK.obj</file>
         <name>SYSTICK.obj</name>
      </input_file>
      <input_file id="fl-6">
         <path>.\</path>
         <kind>object</kind>
         <file>TIVA.obj</file>
         <name>TIVA.obj</name>
      </input_file>
      <input_file id="fl-7">
         <path>.\</path>
         <kind>object</kind>
         <file>Utilities.obj</file>
         <name>Utilities.obj</name>
      </input_file>
      <input_file id="fl-8">
         <path>.\</path>
         <kind>object</kind>
         <file>main.obj</file>
         <name>main.obj</name>
      </input_file>
      <input_file id="fl-9">
         <path>.\</path>
         <kind>object</kind>
         <file>tm4c123gh6pm_startup_ccs.obj</file>
         <name>tm4c123gh6pm_startup_ccs.obj</name>
      </input_file>
      <input_file id="fl-d">
         <kind>object</kind>
         <file>&lt;internal&gt;</file>
         <name>&lt;internal&gt;</name>
      </input_file>
      <input_file id="fl-c3">
         <path>C:\ti\ccs1031\ccs\tools\compiler\ti-cgt-arm_20.2.5.LTS\lib\</path>
         <kind>archive</kind>
         <file>rtsv7M4_T_le_v4SPD16_eabi.lib</file>
         <name>snprintf.c.obj</name>
      </input_file>
      <input_file id="fl-c4">
         <path>C:\ti\ccs1031\ccs\tools\compiler\ti-cgt-arm_20.2.5.LTS\lib\</path>
         <kind>archive</kind>
         <file>rtsv7M4_T_le_v4SPD16_eabi.lib</file>
         <name>e_atan2.c.obj</name>
      </input_file>
      <input_file id="fl-c5">
         <path>C:\ti\ccs1031\ccs\tools\compiler\ti-cgt-arm_20.2.5.LTS\lib\</path>
         <kind>archive</kind>
         <file>rtsv7M4_T_le_v4SPD16_eabi.lib</file>
         <name>e_sqrt.c.obj</name>
      </input_file>
      <input_file id="fl-c6">
         <path>C:\ti\ccs1031\ccs\tools\compiler\ti-cgt-arm_20.2.5.LTS\lib\</path>
         <kind>archive</kind>
         <file>rtsv7M4_T_le_v4SPD16_eabi.lib</file>
         <name>s_atan.c.obj</name>
      </input_file>
      <input_file id="fl-c7">
         <path>C:\ti\ccs1031\ccs\tools\compiler\ti-cgt-arm_20.2.5.LTS\lib\</path>
         <kind>archive</kind>
         <file>rtsv7M4_T_le_v4SPD16_eabi.lib</file>
         <name>s_cos.c.obj</name>
      </input_file>
      <input_file id="fl-c8">
         <path>C:\ti\ccs1031\ccs\tools\compiler\ti-cgt-arm_20.2.5.LTS\lib\</path>
         <kind>archive</kind>
         <file>rtsv7M4_T_le_v4SPD16_eabi.lib</file>
         <name>s_sin.c.obj</name>
      </input_file>
      <input_file id="fl-c9">
         <path>C:\ti\ccs1031\ccs\tools\compiler\ti-cgt-arm_20.2.5.LTS\lib\</path>
         <kind>archive</kind>
         <file>rtsv7M4_T_le_v4SPD16_eabi.lib</file>
         <name>fd_add_t2.asm.obj</name>
      </input_file>
      <input_file id="fl-ca">
         <path>C:\ti\ccs1031\ccs\tools\compiler\ti-cgt-arm_20.2.5.LTS\lib\</path>
         <kind>archive</kind>
         <file>rtsv7M4_T_le_v4SPD16_eabi.lib</file>
         <name>fd_cmp_t2.asm.obj</name>
      </input_file>
      <input_file id="fl-cb">
         <path>C:\ti\ccs1031\ccs\tools\compiler\ti-cgt-arm_20.2.5.LTS\lib\</path>
         <kind>archive</kind>
         <file>rtsv7M4_T_le_v4SPD16_eabi.lib</file>
         <name>fd_div_t2.asm.obj</name>
      </input_file>
      <input_file id="fl-cc">
         <path>C:\ti\ccs1031\ccs\tools\compiler\ti-cgt-arm_20.2.5.LTS\lib\</path>
         <kind>archive</kind>
         <file>rtsv7M4_T_le_v4SPD16_eabi.lib</file>
         <name>fd_mul_t2.asm.obj</name>
      </input_file>
      <input_file id="fl-cd">
         <path>C:\ti\ccs1031\ccs\tools\compiler\ti-cgt-arm_20.2.5.LTS\lib\</path>
         <kind>archive</kind>
         <file>rtsv7M4_T_le_v4SPD16_eabi.lib</file>
         <name>fd_toi_t2.asm.obj</name>
      </input_file>
      <input_file id="fl-ce">
         <path>C:\ti\ccs1031\ccs\tools\compiler\ti-cgt-arm_20.2.5.LTS\lib\</path>
         <kind>archive</kind>
         <file>rtsv7M4_T_le_v4SPD16_eabi.lib</file>
         <name>fd_tos_t2.asm.obj</name>
      </input_file>
      <input_file id="fl-cf">
         <path>C:\ti\ccs1031\ccs\tools\compiler\ti-cgt-arm_20.2.5.LTS\lib\</path>
         <kind>archive</kind>
         <file>rtsv7M4_T_le_v4SPD16_eabi.lib</file>
         <name>fs_tod_t2.asm.obj</name>
      </input_file>
      <input_file id="fl-d0">
         <path>C:\ti\ccs1031\ccs\tools\compiler\ti-cgt-arm_20.2.5.LTS\lib\</path>
         <kind>archive</kind>
         <file>rtsv7M4_T_le_v4SPD16_eabi.lib</file>
         <name>i_tofd_t2.asm.obj</name>
      </input_file>
      <input_file id="fl-d1">
         <path>C:\ti\ccs1031\ccs\tools\compiler\ti-cgt-arm_20.2.5.LTS\lib\</path>
         <kind>archive</kind>
         <file>rtsv7M4_T_le_v4SPD16_eabi.lib</file>
         <name>memcpy_t2.asm.obj</name>
      </input_file>
      <input_file id="fl-d2">
         <path>C:\ti\ccs1031\ccs\tools\compiler\ti-cgt-arm_20.2.5.LTS\lib\</path>
         <kind>archive</kind>
         <file>rtsv7M4_T_le_v4SPD16_eabi.lib</file>
         <name>copy_zero_init.c.obj</name>
      </input_file>
      <input_file id="fl-d3">
         <path>C:\ti\ccs1031\ccs\tools\compiler\ti-cgt-arm_20.2.5.LTS\lib\</path>
         <kind>archive</kind>
         <file>rtsv7M4_T_le_v4SPD16_eabi.lib</file>
         <name>copy_decompress_none.c.obj</name>
      </input_file>
      <input_file id="fl-d4">
         <path>C:\ti\ccs1031\ccs\tools\compiler\ti-cgt-arm_20.2.5.LTS\lib\</path>
         <kind>archive</kind>
         <file>rtsv7M4_T_le_v4SPD16_eabi.lib</file>
         <name>copy_decompress_lzss.c.obj</name>
      </input_file>
      <input_file id="fl-d5">
         <path>C:\ti\ccs1031\ccs\tools\compiler\ti-cgt-arm_20.2.5.LTS\lib\</path>
         <kind>archive</kind>
         <file>rtsv7M4_T_le_v4SPD16_eabi.lib</file>
         <name>atof.c.obj</name>
      </input_file>
      <input_file id="fl-d6">
         <path>C:\ti\ccs1031\ccs\tools\compiler\ti-cgt-arm_20.2.5.LTS\lib\</path>
         <kind>archive</kind>
         <file>rtsv7M4_T_le_v4SPD16_eabi.lib</file>
         <name>atoi.c.obj</name>
      </input_file>
      <input_file id="fl-d7">
         <path>C:\ti\ccs1031\ccs\tools\compiler\ti-cgt-arm_20.2.5.LTS\lib\</path>
         <kind>archive</kind>
         <file>rtsv7M4_T_le_v4SPD16_eabi.lib</file>
         <name>ctype.c.obj</name>
      </input_file>
      <input_file id="fl-d8">
         <path>C:\ti\ccs1031\ccs\tools\compiler\ti-cgt-arm_20.2.5.LTS\lib\</path>
         <kind>archive</kind>
         <file>rtsv7M4_T_le_v4SPD16_eabi.lib</file>
         <name>strtod.c.obj</name>
      </input_file>
      <input_file id="fl-d9">
         <path>C:\ti\ccs1031\ccs\tools\compiler\ti-cgt-arm_20.2.5.LTS\lib\</path>
         <kind>archive</kind>
         <file>rtsv7M4_T_le_v4SPD16_eabi.lib</file>
         <name>k_rem_pio2.c.obj</name>
      </input_file>
      <input_file id="fl-da">
         <path>C:\ti\ccs1031\ccs\tools\compiler\ti-cgt-arm_20.2.5.LTS\lib\</path>
         <kind>archive</kind>
         <file>rtsv7M4_T_le_v4SPD16_eabi.lib</file>
         <name>errno.c.obj</name>
      </input_file>
      <input_file id="fl-db">
         <path>C:\ti\ccs1031\ccs\tools\compiler\ti-cgt-arm_20.2.5.LTS\lib\</path>
         <kind>archive</kind>
         <file>rtsv7M4_T_le_v4SPD16_eabi.lib</file>
         <name>boot_cortex_m.c.obj</name>
      </input_file>
      <input_file id="fl-dc">
         <path>C:\ti\ccs1031\ccs\tools\compiler\ti-cgt-arm_20.2.5.LTS\lib\</path>
         <kind>archive</kind>
         <file>rtsv7M4_T_le_v4SPD16_eabi.lib</file>
         <name>_printfi.c.obj</name>
      </input_file>
      <input_file id="fl-dd">
         <path>C:\ti\ccs1031\ccs\tools\compiler\ti-cgt-arm_20.2.5.LTS\lib\</path>
         <kind>archive</kind>
         <file>rtsv7M4_T_le_v4SPD16_eabi.lib</file>
         <name>k_cos.c.obj</name>
      </input_file>
      <input_file id="fl-de">
         <path>C:\ti\ccs1031\ccs\tools\compiler\ti-cgt-arm_20.2.5.LTS\lib\</path>
         <kind>archive</kind>
         <file>rtsv7M4_T_le_v4SPD16_eabi.lib</file>
         <name>k_sin.c.obj</name>
      </input_file>
      <input_file id="fl-df">
         <path>C:\ti\ccs1031\ccs\tools\compiler\ti-cgt-arm_20.2.5.LTS\lib\</path>
         <kind>archive</kind>
         <file>rtsv7M4_T_le_v4SPD16_eabi.lib</file>
         <name>s_floor.c.obj</name>
      </input_file>
      <input_file id="fl-e0">
         <path>C:\ti\ccs1031\ccs\tools\compiler\ti-cgt-arm_20.2.5.LTS\lib\</path>
         <kind>archive</kind>
         <file>rtsv7M4_T_le_v4SPD16_eabi.lib</file>
         <name>s_frexp.c.obj</name>
      </input_file>
      <input_file id="fl-e1">
         <path>C:\ti\ccs1031\ccs\tools\compiler\ti-cgt-arm_20.2.5.LTS\lib\</path>
         <kind>archive</kind>
         <file>rtsv7M4_T_le_v4SPD16_eabi.lib</file>
         <name>s_scalbn.c.obj</name>
      </input_file>
      <input_file id="fl-e2">
         <path>C:\ti\ccs1031\ccs\tools\compiler\ti-cgt-arm_20.2.5.LTS\lib\</path>
         <kind>archive</kind>
         <file>rtsv7M4_T_le_v4SPD16_eabi.lib</file>
         <name>wcslen.c.obj</name>
      </input_file>
      <input_file id="fl-e3">
         <path>C:\ti\ccs1031\ccs\tools\compiler\ti-cgt-arm_20.2.5.LTS\lib\</path>
         <kind>archive</kind>
         <file>rtsv7M4_T_le_v4SPD16_eabi.lib</file>
         <name>ull_div_t2.asm.obj</name>
      </input_file>
      <input_file id="fl-e4">
         <path>C:\ti\ccs1031\ccs\tools\compiler\ti-cgt-arm_20.2.5.LTS\lib\</path>
         <kind>archive</kind>
         <file>rtsv7M4_T_le_v4SPD16_eabi.lib</file>
         <name>memset_t2.asm.obj</name>
      </input_file>
      <input_file id="fl-e5">
         <path>C:\ti\ccs1031\ccs\tools\compiler\ti-cgt-arm_20.2.5.LTS\lib\</path>
         <kind>archive</kind>
         <file>rtsv7M4_T_le_v4SPD16_eabi.lib</file>
         <name>autoinit.c.obj</name>
      </input_file>
      <input_file id="fl-e6">
         <path>C:\ti\ccs1031\ccs\tools\compiler\ti-cgt-arm_20.2.5.LTS\lib\</path>
         <kind>archive</kind>
         <file>rtsv7M4_T_le_v4SPD16_eabi.lib</file>
         <name>pre_init.c.obj</name>
      </input_file>
      <input_file id="fl-e7">
         <path>C:\ti\ccs1031\ccs\tools\compiler\ti-cgt-arm_20.2.5.LTS\lib\</path>
         <kind>archive</kind>
         <file>rtsv7M4_T_le_v4SPD16_eabi.lib</file>
         <name>cpy_tbl.c.obj</name>
      </input_file>
      <input_file id="fl-e8">
         <path>C:\ti\ccs1031\ccs\tools\compiler\ti-cgt-arm_20.2.5.LTS\lib\</path>
         <kind>archive</kind>
         <file>rtsv7M4_T_le_v4SPD16_eabi.lib</file>
         <name>exit.c.obj</name>
      </input_file>
      <input_file id="fl-e9">
         <path>C:\ti\ccs1031\ccs\tools\compiler\ti-cgt-arm_20.2.5.LTS\lib\</path>
         <kind>archive</kind>
         <file>rtsv7M4_T_le_v4SPD16_eabi.lib</file>
         <name>_lock.c.obj</name>
      </input_file>
      <input_file id="fl-ea">
         <path>C:\ti\ccs1031\ccs\tools\compiler\ti-cgt-arm_20.2.5.LTS\lib\</path>
         <kind>archive</kind>
         <file>rtsv7M4_T_le_v4SPD16_eabi.lib</file>
         <name>_ltoa.c.obj</name>
      </input_file>
      <input_file id="fl-eb">
         <path>C:\ti\ccs1031\ccs\tools\compiler\ti-cgt-arm_20.2.5.LTS\lib\</path>
         <kind>archive</kind>
         <file>rtsv7M4_T_le_v4SPD16_eabi.lib</file>
         <name>args_main.c.obj</name>
      </input_file>
      <input_file id="fl-ec">
         <path>C:\ti\ccs1031\ccs\tools\compiler\ti-cgt-arm_20.2.5.LTS\lib\</path>
         <kind>archive</kind>
         <file>rtsv7M4_T_le_v4SPD16_eabi.lib</file>
         <name>memccpy.c.obj</name>
      </input_file>
      <input_file id="fl-ed">
         <path>C:\ti\ccs1031\ccs\tools\compiler\ti-cgt-arm_20.2.5.LTS\lib\</path>
         <kind>archive</kind>
         <file>rtsv7M4_T_le_v4SPD16_eabi.lib</file>
         <name>strchr.c.obj</name>
      </input_file>
      <input_file id="fl-ee">
         <path>C:\ti\ccs1031\ccs\tools\compiler\ti-cgt-arm_20.2.5.LTS\lib\</path>
         <kind>archive</kind>
         <file>rtsv7M4_T_le_v4SPD16_eabi.lib</file>
         <name>strlen.c.obj</name>
      </input_file>
      <input_file id="fl-ef">
         <path>C:\ti\ccs1031\ccs\tools\compiler\ti-cgt-arm_20.2.5.LTS\lib\</path>
         <kind>archive</kind>
         <file>rtsv7M4_T_le_v4SPD16_eabi.lib</file>
         <name>s_copysign.c.obj</name>
      </input_file>
      <input_file id="fl-f0">
         <path>C:\ti\ccs1031\ccs\tools\compiler\ti-cgt-arm_20.2.5.LTS\lib\</path>
         <kind>archive</kind>
         <file>rtsv7M4_T_le_v4SPD16_eabi.lib</file>
         <name>div0.asm.obj</name>
      </input_file>
   </input_file_list>
   <object_component_list>
      <object_component id="oc-12">
         <name>.intvecs</name>
         <load_address>0x0</load_address>
         <run_address>0x0</run_address>
         <size>0x26c</size>
         <input_file_ref idref="fl-9"/>
      </object_component>
      <object_component id="oc-15d">
         <name>.text:__TI_printfi</name>
         <load_address>0x26c</load_address>
         <run_address>0x26c</run_address>
         <size>0xa4e</size>
         <input_file_ref idref="fl-dc"/>
      </object_component>
      <object_component id="oc-367">
         <name>.text</name>
         <load_address>0xcba</load_address>
         <run_address>0xcba</run_address>
         <size>0x2</size>
         <input_file_ref idref="fl-f0"/>
      </object_component>
      <object_component id="oc-1ff">
         <name>.text:__kernel_rem_pio2</name>
         <load_address>0xcbc</load_address>
         <run_address>0xcbc</run_address>
         <size>0x738</size>
         <input_file_ref idref="fl-d9"/>
      </object_component>
      <object_component id="oc-121">
         <name>.text:sin</name>
         <load_address>0x13f4</load_address>
         <run_address>0x13f4</run_address>
         <size>0x5e0</size>
         <input_file_ref idref="fl-c8"/>
      </object_component>
      <object_component id="oc-127">
         <name>.text:cos</name>
         <load_address>0x19d4</load_address>
         <run_address>0x19d4</run_address>
         <size>0x5dc</size>
         <input_file_ref idref="fl-c7"/>
      </object_component>
      <object_component id="oc-2d">
         <name>.text</name>
         <load_address>0x1fb0</load_address>
         <run_address>0x1fb0</run_address>
         <size>0x598</size>
         <input_file_ref idref="fl-8"/>
      </object_component>
      <object_component id="oc-74">
         <name>.text</name>
         <load_address>0x2548</load_address>
         <run_address>0x2548</run_address>
         <size>0x4e0</size>
         <input_file_ref idref="fl-3"/>
      </object_component>
      <object_component id="oc-7a">
         <name>.text</name>
         <load_address>0x2a28</load_address>
         <run_address>0x2a28</run_address>
         <size>0x460</size>
         <input_file_ref idref="fl-7"/>
      </object_component>
      <object_component id="oc-22e">
         <name>.text:strtod</name>
         <load_address>0x2e88</load_address>
         <run_address>0x2e88</run_address>
         <size>0x460</size>
         <input_file_ref idref="fl-d8"/>
      </object_component>
      <object_component id="oc-101">
         <name>.text</name>
         <load_address>0x32e8</load_address>
         <run_address>0x32e8</run_address>
         <size>0x31c</size>
         <input_file_ref idref="fl-6"/>
      </object_component>
      <object_component id="oc-21c">
         <name>.text:atan</name>
         <load_address>0x3604</load_address>
         <run_address>0x3604</run_address>
         <size>0x2ec</size>
         <input_file_ref idref="fl-c6"/>
      </object_component>
      <object_component id="oc-258">
         <name>.text:_pconv_a</name>
         <load_address>0x38f0</load_address>
         <run_address>0x38f0</run_address>
         <size>0x270</size>
         <input_file_ref idref="fl-dc"/>
      </object_component>
      <object_component id="oc-8c">
         <name>.text</name>
         <load_address>0x3b60</load_address>
         <run_address>0x3b60</run_address>
         <size>0x26c</size>
         <input_file_ref idref="fl-2"/>
      </object_component>
      <object_component id="oc-133">
         <name>.text:atan2</name>
         <load_address>0x3dcc</load_address>
         <run_address>0x3dcc</run_address>
         <size>0x1e4</size>
         <input_file_ref idref="fl-c4"/>
      </object_component>
      <object_component id="oc-246">
         <name>.text:_pconv_g</name>
         <load_address>0x3fb0</load_address>
         <run_address>0x3fb0</run_address>
         <size>0x1d0</size>
         <input_file_ref idref="fl-dc"/>
      </object_component>
      <object_component id="oc-97">
         <name>.text</name>
         <load_address>0x4180</load_address>
         <run_address>0x4180</run_address>
         <size>0x1b6</size>
         <input_file_ref idref="fl-c9"/>
      </object_component>
      <object_component id="oc-80">
         <name>.text</name>
         <load_address>0x4338</load_address>
         <run_address>0x4338</run_address>
         <size>0x184</size>
         <input_file_ref idref="fl-4"/>
      </object_component>
      <object_component id="oc-1f4">
         <name>.text:__kernel_sin</name>
         <load_address>0x44bc</load_address>
         <run_address>0x44bc</run_address>
         <size>0x174</size>
         <input_file_ref idref="fl-de"/>
      </object_component>
      <object_component id="oc-205">
         <name>.text:__kernel_cos</name>
         <load_address>0x4630</load_address>
         <run_address>0x4630</run_address>
         <size>0x170</size>
         <input_file_ref idref="fl-dd"/>
      </object_component>
      <object_component id="oc-12d">
         <name>.text:sqrt</name>
         <load_address>0x47a0</load_address>
         <run_address>0x47a0</run_address>
         <size>0x158</size>
         <input_file_ref idref="fl-c5"/>
      </object_component>
      <object_component id="oc-252">
         <name>.text:_pconv_e</name>
         <load_address>0x48f8</load_address>
         <run_address>0x48f8</run_address>
         <size>0x13c</size>
         <input_file_ref idref="fl-dc"/>
      </object_component>
      <object_component id="oc-112">
         <name>.text</name>
         <load_address>0x4a34</load_address>
         <run_address>0x4a34</run_address>
         <size>0x136</size>
         <input_file_ref idref="fl-cb"/>
      </object_component>
      <object_component id="oc-2f1">
         <name>.text:fcvt</name>
         <load_address>0x4b6c</load_address>
         <run_address>0x4b6c</run_address>
         <size>0x124</size>
         <input_file_ref idref="fl-dc"/>
      </object_component>
      <object_component id="oc-29d">
         <name>.text:scalbn</name>
         <load_address>0x4c90</load_address>
         <run_address>0x4c90</run_address>
         <size>0x110</size>
         <input_file_ref idref="fl-e1"/>
      </object_component>
      <object_component id="oc-10d">
         <name>.text</name>
         <load_address>0x4da0</load_address>
         <run_address>0x4da0</run_address>
         <size>0xfc</size>
         <input_file_ref idref="fl-cc"/>
      </object_component>
      <object_component id="oc-2a3">
         <name>.text:floor</name>
         <load_address>0x4e9c</load_address>
         <run_address>0x4e9c</run_address>
         <size>0xf8</size>
         <input_file_ref idref="fl-df"/>
      </object_component>
      <object_component id="oc-240">
         <name>.text:_ltostr</name>
         <load_address>0x4f94</load_address>
         <run_address>0x4f94</run_address>
         <size>0xb1</size>
         <input_file_ref idref="fl-dc"/>
      </object_component>
      <object_component id="oc-41">
         <name>.text</name>
         <load_address>0x5046</load_address>
         <run_address>0x5046</run_address>
         <size>0x9c</size>
         <input_file_ref idref="fl-d1"/>
      </object_component>
      <object_component id="oc-2d8">
         <name>.text</name>
         <load_address>0x50e2</load_address>
         <run_address>0x50e2</run_address>
         <size>0x96</size>
         <input_file_ref idref="fl-e3"/>
      </object_component>
      <object_component id="oc-1fa">
         <name>.text:__aeabi_cdcmple</name>
         <load_address>0x5178</load_address>
         <run_address>0x5178</run_address>
         <size>0x86</size>
         <input_file_ref idref="fl-ca"/>
      </object_component>
      <object_component id="oc-92">
         <name>.text:__aeabi_cdrcmple</name>
         <load_address>0x51fe</load_address>
         <run_address>0x51fe</run_address>
         <size>0x86</size>
         <input_file_ref idref="fl-ca"/>
      </object_component>
      <object_component id="oc-e2">
         <name>.text</name>
         <load_address>0x5284</load_address>
         <run_address>0x5284</run_address>
         <size>0x7a</size>
         <input_file_ref idref="fl-e4"/>
      </object_component>
      <object_component id="oc-107">
         <name>.text</name>
         <load_address>0x5300</load_address>
         <run_address>0x5300</run_address>
         <size>0x74</size>
         <input_file_ref idref="fl-5"/>
      </object_component>
      <object_component id="oc-2ea">
         <name>.text:_mcpy</name>
         <load_address>0x5374</load_address>
         <run_address>0x5374</run_address>
         <size>0x6e</size>
         <input_file_ref idref="fl-dc"/>
      </object_component>
      <object_component id="oc-117">
         <name>.text</name>
         <load_address>0x53e2</load_address>
         <run_address>0x53e2</run_address>
         <size>0x6e</size>
         <input_file_ref idref="fl-ce"/>
      </object_component>
      <object_component id="oc-15">
         <name>.text:decompress:lzss:__TI_decompress_lzss</name>
         <load_address>0x5450</load_address>
         <run_address>0x5450</run_address>
         <size>0x68</size>
         <input_file_ref idref="fl-d4"/>
      </object_component>
      <object_component id="oc-2ff">
         <name>.text:frexp</name>
         <load_address>0x54b8</load_address>
         <run_address>0x54b8</run_address>
         <size>0x64</size>
         <input_file_ref idref="fl-e0"/>
      </object_component>
      <object_component id="oc-24c">
         <name>.text:_pconv_f</name>
         <load_address>0x551c</load_address>
         <run_address>0x551c</run_address>
         <size>0x56</size>
         <input_file_ref idref="fl-dc"/>
      </object_component>
      <object_component id="oc-2de">
         <name>.text:__TI_ltoa</name>
         <load_address>0x5572</load_address>
         <run_address>0x5572</run_address>
         <size>0x54</size>
         <input_file_ref idref="fl-ea"/>
      </object_component>
      <object_component id="oc-2e4">
         <name>.text:_ecpy</name>
         <load_address>0x55c6</load_address>
         <run_address>0x55c6</run_address>
         <size>0x52</size>
         <input_file_ref idref="fl-dc"/>
      </object_component>
      <object_component id="oc-86">
         <name>.text:atoi</name>
         <load_address>0x5618</load_address>
         <run_address>0x5618</run_address>
         <size>0x4c</size>
         <input_file_ref idref="fl-d6"/>
      </object_component>
      <object_component id="oc-9c">
         <name>.text:snprintf</name>
         <load_address>0x5664</load_address>
         <run_address>0x5664</run_address>
         <size>0x4c</size>
         <input_file_ref idref="fl-c3"/>
      </object_component>
      <object_component id="oc-a2">
         <name>.text</name>
         <load_address>0x56b0</load_address>
         <run_address>0x56b0</run_address>
         <size>0x48</size>
         <input_file_ref idref="fl-cd"/>
      </object_component>
      <object_component id="oc-1ba">
         <name>.text:__TI_auto_init_nobinit_nopinit:__TI_auto_init_nobinit_nopinit</name>
         <load_address>0x56f8</load_address>
         <run_address>0x56f8</run_address>
         <size>0x44</size>
         <input_file_ref idref="fl-e5"/>
      </object_component>
      <object_component id="oc-2f7">
         <name>.text:_fcpy</name>
         <load_address>0x573c</load_address>
         <run_address>0x573c</run_address>
         <size>0x3e</size>
         <input_file_ref idref="fl-dc"/>
      </object_component>
      <object_component id="oc-11c">
         <name>.text</name>
         <load_address>0x577a</load_address>
         <run_address>0x577a</run_address>
         <size>0x38</size>
         <input_file_ref idref="fl-cf"/>
      </object_component>
      <object_component id="oc-5f">
         <name>.text:_c_int00_noargs:_c_int00_noargs</name>
         <load_address>0x57b4</load_address>
         <run_address>0x57b4</run_address>
         <size>0x34</size>
         <input_file_ref idref="fl-db"/>
      </object_component>
      <object_component id="oc-163">
         <name>.text:_outs</name>
         <load_address>0x57e8</load_address>
         <run_address>0x57e8</run_address>
         <size>0x30</size>
         <input_file_ref idref="fl-c3"/>
      </object_component>
      <object_component id="oc-139">
         <name>.text</name>
         <load_address>0x5818</load_address>
         <run_address>0x5818</run_address>
         <size>0x2e</size>
         <input_file_ref idref="fl-d0"/>
      </object_component>
      <object_component id="oc-25e">
         <name>.text:memccpy</name>
         <load_address>0x5846</load_address>
         <run_address>0x5846</run_address>
         <size>0x1c</size>
         <input_file_ref idref="fl-ec"/>
      </object_component>
      <object_component id="oc-344">
         <name>.text:copysign</name>
         <load_address>0x5862</load_address>
         <run_address>0x5862</run_address>
         <size>0x1a</size>
         <input_file_ref idref="fl-ef"/>
      </object_component>
      <object_component id="oc-169">
         <name>.text:_outc</name>
         <load_address>0x587c</load_address>
         <run_address>0x587c</run_address>
         <size>0x18</size>
         <input_file_ref idref="fl-c3"/>
      </object_component>
      <object_component id="oc-305">
         <name>.text:strchr</name>
         <load_address>0x5894</load_address>
         <run_address>0x5894</run_address>
         <size>0x16</size>
         <input_file_ref idref="fl-ed"/>
      </object_component>
      <object_component id="oc-23a">
         <name>.text:strlen</name>
         <load_address>0x58aa</load_address>
         <run_address>0x58aa</run_address>
         <size>0x14</size>
         <input_file_ref idref="fl-ee"/>
      </object_component>
      <object_component id="oc-147">
         <name>.text:atof</name>
         <load_address>0x58be</load_address>
         <run_address>0x58be</run_address>
         <size>0x12</size>
         <input_file_ref idref="fl-d5"/>
      </object_component>
      <object_component id="oc-264">
         <name>.text:wcslen</name>
         <load_address>0x58d0</load_address>
         <run_address>0x58d0</run_address>
         <size>0x12</size>
         <input_file_ref idref="fl-e2"/>
      </object_component>
      <object_component id="oc-1b">
         <name>.text:decompress:none:__TI_decompress_none</name>
         <load_address>0x58e2</load_address>
         <run_address>0x58e2</run_address>
         <size>0xe</size>
         <input_file_ref idref="fl-d3"/>
      </object_component>
      <object_component id="oc-53">
         <name>.text:decompress:ZI:__TI_zero_init</name>
         <load_address>0x58f0</load_address>
         <run_address>0x58f0</run_address>
         <size>0xc</size>
         <input_file_ref idref="fl-d2"/>
      </object_component>
      <object_component id="oc-27">
         <name>.text</name>
         <load_address>0x58fc</load_address>
         <run_address>0x58fc</run_address>
         <size>0xc</size>
         <input_file_ref idref="fl-9"/>
      </object_component>
      <object_component id="oc-214">
         <name>.text:__aeabi_errno_addr</name>
         <load_address>0x5908</load_address>
         <run_address>0x5908</run_address>
         <size>0x8</size>
         <input_file_ref idref="fl-da"/>
      </object_component>
      <object_component id="oc-e8">
         <name>.text:_system_pre_init</name>
         <load_address>0x5910</load_address>
         <run_address>0x5910</run_address>
         <size>0x4</size>
         <input_file_ref idref="fl-e6"/>
      </object_component>
      <object_component id="oc-1ae">
         <name>.text:abort:abort</name>
         <load_address>0x5914</load_address>
         <run_address>0x5914</run_address>
         <size>0x4</size>
         <input_file_ref idref="fl-e8"/>
      </object_component>
      <object_component id="oc-2a9">
         <name>.const:$O1$$</name>
         <load_address>0x5918</load_address>
         <run_address>0x5918</run_address>
         <size>0x158</size>
         <input_file_ref idref="fl-d9"/>
      </object_component>
      <object_component id="oc-142">
         <name>.const:.string:_ctypes_</name>
         <load_address>0x5a70</load_address>
         <run_address>0x5a70</run_address>
         <size>0x101</size>
         <input_file_ref idref="fl-d7"/>
      </object_component>
      <object_component id="oc-2ce">
         <name>.const:$O1$$</name>
         <load_address>0x5b78</load_address>
         <run_address>0x5b78</run_address>
         <size>0xc8</size>
         <input_file_ref idref="fl-d8"/>
      </object_component>
      <object_component id="oc-2c6">
         <name>.const:$O1$$</name>
         <load_address>0x5c40</load_address>
         <run_address>0x5c40</run_address>
         <size>0x98</size>
         <input_file_ref idref="fl-c6"/>
      </object_component>
      <object_component id="oc-b9">
         <name>.const:.string:$P$T0$1</name>
         <load_address>0x5cd8</load_address>
         <run_address>0x5cd8</run_address>
         <size>0x10</size>
         <input_file_ref idref="fl-8"/>
      </object_component>
      <object_component id="oc-bc">
         <name>.const:.string:$P$T1$2</name>
         <load_address>0x5ce8</load_address>
         <run_address>0x5ce8</run_address>
         <size>0x10</size>
         <input_file_ref idref="fl-8"/>
      </object_component>
      <object_component id="oc-3cd">
         <name>.cinit..data.load</name>
         <load_address>0x5cf8</load_address>
         <run_address>0x5cf8</run_address>
         <size>0x35</size>
      </object_component>
      <object_component id="oc-3cb">
         <name>__TI_handler_table</name>
         <load_address>0x5d30</load_address>
         <run_address>0x5d30</run_address>
         <size>0xc</size>
      </object_component>
      <object_component id="oc-3ce">
         <name>.cinit..bss.load</name>
         <load_address>0x5d40</load_address>
         <run_address>0x5d40</run_address>
         <size>0x8</size>
      </object_component>
      <object_component id="oc-3cc">
         <name>__TI_cinit_table</name>
         <load_address>0x5d48</load_address>
         <run_address>0x5d48</run_address>
         <size>0x10</size>
      </object_component>
      <object_component id="oc-150">
         <name>.data:target</name>
         <load_address>0x20003188</load_address>
         <run_address>0x20003188</run_address>
         <size>0x6</size>
         <input_file_ref idref="fl-2"/>
      </object_component>
      <object_component id="oc-a7">
         <name>.data</name>
         <load_address>0x20003138</load_address>
         <run_address>0x20003138</run_address>
         <size>0x30</size>
         <input_file_ref idref="fl-8"/>
      </object_component>
      <object_component id="oc-b3">
         <name>.data:data1</name>
         <load_address>0x20003168</load_address>
         <run_address>0x20003168</run_address>
         <size>0x10</size>
         <input_file_ref idref="fl-8"/>
      </object_component>
      <object_component id="oc-b6">
         <name>.data:data2</name>
         <load_address>0x20003178</load_address>
         <run_address>0x20003178</run_address>
         <size>0x10</size>
         <input_file_ref idref="fl-8"/>
      </object_component>
      <object_component id="oc-aa">
         <name>.data:dist</name>
         <load_address>0x2000318e</load_address>
         <run_address>0x2000318e</run_address>
         <size>0x4</size>
         <input_file_ref idref="fl-8"/>
      </object_component>
      <object_component id="oc-2bf">
         <name>.data</name>
         <load_address>0x20003194</load_address>
         <run_address>0x20003194</run_address>
         <size>0x4</size>
         <input_file_ref idref="fl-da"/>
      </object_component>
      <object_component id="oc-14d">
         <name>.common:mask</name>
         <uninitialized>true</uninitialized>
         <run_address>0x20002f00</run_address>
         <size>0x8</size>
      </object_component>
      <object_component id="oc-153">
         <name>.common:temp0</name>
         <uninitialized>true</uninitialized>
         <run_address>0x20002f08</run_address>
         <size>0x8</size>
      </object_component>
      <object_component id="oc-155">
         <name>.common:temp1d</name>
         <uninitialized>true</uninitialized>
         <run_address>0x20002f20</run_address>
         <size>0x4</size>
      </object_component>
      <object_component id="oc-156">
         <name>.common:temp1m</name>
         <uninitialized>true</uninitialized>
         <run_address>0x20002f10</run_address>
         <size>0x8</size>
      </object_component>
      <object_component id="oc-157">
         <name>.common:temp2d</name>
         <uninitialized>true</uninitialized>
         <run_address>0x20002f24</run_address>
         <size>0x4</size>
      </object_component>
      <object_component id="oc-158">
         <name>.common:temp2m</name>
         <uninitialized>true</uninitialized>
         <run_address>0x20002f18</run_address>
         <size>0x8</size>
      </object_component>
      <object_component id="oc-159">
         <name>.common:gps_fix</name>
         <uninitialized>true</uninitialized>
         <run_address>0x20002f2f</run_address>
         <size>0x1</size>
      </object_component>
      <object_component id="oc-154">
         <name>.common:dummy</name>
         <uninitialized>true</uninitialized>
         <run_address>0x20002f2e</run_address>
         <size>0x1</size>
      </object_component>
      <object_component id="oc-fa">
         <name>.common:row</name>
         <uninitialized>true</uninitialized>
         <run_address>0x20002f30</run_address>
         <size>0x1</size>
      </object_component>
      <object_component id="oc-fd">
         <name>.common:col</name>
         <uninitialized>true</uninitialized>
         <run_address>0x20002f2d</run_address>
         <size>0x1</size>
      </object_component>
      <object_component id="oc-ff">
         <name>.common:shift</name>
         <uninitialized>true</uninitialized>
         <run_address>0x20002f31</run_address>
         <size>0x1</size>
      </object_component>
      <object_component id="oc-fe">
         <name>.common:temp_key</name>
         <uninitialized>true</uninitialized>
         <run_address>0x20002f28</run_address>
         <size>0x4</size>
      </object_component>
      <object_component id="oc-ad">
         <name>.common:latitude</name>
         <uninitialized>true</uninitialized>
         <run_address>0x20002ef0</run_address>
         <size>0x8</size>
      </object_component>
      <object_component id="oc-b0">
         <name>.common:longitude</name>
         <uninitialized>true</uninitialized>
         <run_address>0x20002ef8</run_address>
         <size>0x8</size>
      </object_component>
      <object_component id="oc-b1">
         <name>.common:data_log</name>
         <uninitialized>true</uninitialized>
         <run_address>0x20000000</run_address>
         <size>0x2ee0</size>
      </object_component>
      <object_component id="oc-bf">
         <name>.common:check</name>
         <uninitialized>true</uninitialized>
         <run_address>0x20002f2c</run_address>
         <size>0x1</size>
      </object_component>
      <object_component id="oc-b2">
         <name>.common:output</name>
         <uninitialized>true</uninitialized>
         <run_address>0x20002ee0</run_address>
         <size>0x10</size>
      </object_component>
      <object_component id="oc-24">
         <name>.stack</name>
         <uninitialized>true</uninitialized>
         <run_address>0x20002f38</run_address>
         <size>0x4</size>
         <input_file_ref idref="fl-db"/>
      </object_component>
      <object_component id="oc-3d0">
         <name>.stack</name>
         <uninitialized>true</uninitialized>
         <run_address>0x20002f38</run_address>
         <size>0x0</size>
      </object_component>
      <object_component id="oc-14e">
         <name>.debug_info</name>
         <load_address>0x0</load_address>
         <run_address>0x0</run_address>
         <size>0x3f1</size>
         <input_file_ref idref="fl-2"/>
      </object_component>
      <object_component id="oc-151">
         <name>.debug_info</name>
         <load_address>0x3f1</load_address>
         <run_address>0x3f1</run_address>
         <size>0xc1</size>
         <input_file_ref idref="fl-2"/>
      </object_component>
      <object_component id="oc-90">
         <name>.debug_info</name>
         <load_address>0x4b2</load_address>
         <run_address>0x4b2</run_address>
         <size>0x25b</size>
         <input_file_ref idref="fl-2"/>
      </object_component>
      <object_component id="oc-c3">
         <name>.debug_info</name>
         <load_address>0x70d</load_address>
         <run_address>0x70d</run_address>
         <size>0x26b</size>
         <input_file_ref idref="fl-2"/>
      </object_component>
      <object_component id="oc-3c">
         <name>.debug_info</name>
         <load_address>0x978</load_address>
         <run_address>0x978</run_address>
         <size>0x84</size>
         <input_file_ref idref="fl-2"/>
      </object_component>
      <object_component id="oc-199">
         <name>.debug_info</name>
         <load_address>0x9fc</load_address>
         <run_address>0x9fc</run_address>
         <size>0x2a4</size>
         <input_file_ref idref="fl-2"/>
      </object_component>
      <object_component id="oc-18c">
         <name>.debug_info</name>
         <load_address>0xca0</load_address>
         <run_address>0xca0</run_address>
         <size>0xcc</size>
         <input_file_ref idref="fl-2"/>
      </object_component>
      <object_component id="oc-17b">
         <name>.debug_info</name>
         <load_address>0xd6c</load_address>
         <run_address>0xd6c</run_address>
         <size>0x2c</size>
         <input_file_ref idref="fl-2"/>
      </object_component>
      <object_component id="oc-187">
         <name>.debug_info</name>
         <load_address>0xd98</load_address>
         <run_address>0xd98</run_address>
         <size>0x35</size>
         <input_file_ref idref="fl-2"/>
      </object_component>
      <object_component id="oc-fb">
         <name>.debug_info</name>
         <load_address>0xdcd</load_address>
         <run_address>0xdcd</run_address>
         <size>0x313</size>
         <input_file_ref idref="fl-3"/>
      </object_component>
      <object_component id="oc-75">
         <name>.debug_info</name>
         <load_address>0x10e0</load_address>
         <run_address>0x10e0</run_address>
         <size>0x14f</size>
         <input_file_ref idref="fl-3"/>
      </object_component>
      <object_component id="oc-141">
         <name>.debug_info</name>
         <load_address>0x122f</load_address>
         <run_address>0x122f</run_address>
         <size>0x260</size>
         <input_file_ref idref="fl-4"/>
      </object_component>
      <object_component id="oc-83">
         <name>.debug_info</name>
         <load_address>0x148f</load_address>
         <run_address>0x148f</run_address>
         <size>0x323</size>
         <input_file_ref idref="fl-4"/>
      </object_component>
      <object_component id="oc-109">
         <name>.debug_info</name>
         <load_address>0x17b2</load_address>
         <run_address>0x17b2</run_address>
         <size>0x218</size>
         <input_file_ref idref="fl-5"/>
      </object_component>
      <object_component id="oc-105">
         <name>.debug_info</name>
         <load_address>0x19ca</load_address>
         <run_address>0x19ca</run_address>
         <size>0x2b3</size>
         <input_file_ref idref="fl-6"/>
      </object_component>
      <object_component id="oc-13f">
         <name>.debug_info</name>
         <load_address>0x1c7d</load_address>
         <run_address>0x1c7d</run_address>
         <size>0x43e</size>
         <input_file_ref idref="fl-7"/>
      </object_component>
      <object_component id="oc-7b">
         <name>.debug_info</name>
         <load_address>0x20bb</load_address>
         <run_address>0x20bb</run_address>
         <size>0xa95</size>
         <input_file_ref idref="fl-7"/>
      </object_component>
      <object_component id="oc-ae">
         <name>.debug_info</name>
         <load_address>0x2b50</load_address>
         <run_address>0x2b50</run_address>
         <size>0x5ce</size>
         <input_file_ref idref="fl-8"/>
      </object_component>
      <object_component id="oc-a8">
         <name>.debug_info</name>
         <load_address>0x311e</load_address>
         <run_address>0x311e</run_address>
         <size>0x20b</size>
         <input_file_ref idref="fl-8"/>
      </object_component>
      <object_component id="oc-b4">
         <name>.debug_info</name>
         <load_address>0x3329</load_address>
         <run_address>0x3329</run_address>
         <size>0xc0</size>
         <input_file_ref idref="fl-8"/>
      </object_component>
      <object_component id="oc-b7">
         <name>.debug_info</name>
         <load_address>0x33e9</load_address>
         <run_address>0x33e9</run_address>
         <size>0xc0</size>
         <input_file_ref idref="fl-8"/>
      </object_component>
      <object_component id="oc-ab">
         <name>.debug_info</name>
         <load_address>0x34a9</load_address>
         <run_address>0x34a9</run_address>
         <size>0xbe</size>
         <input_file_ref idref="fl-8"/>
      </object_component>
      <object_component id="oc-ba">
         <name>.debug_info</name>
         <load_address>0x3567</load_address>
         <run_address>0x3567</run_address>
         <size>0xc3</size>
         <input_file_ref idref="fl-8"/>
      </object_component>
      <object_component id="oc-bd">
         <name>.debug_info</name>
         <load_address>0x362a</load_address>
         <run_address>0x362a</run_address>
         <size>0xc3</size>
         <input_file_ref idref="fl-8"/>
      </object_component>
      <object_component id="oc-30">
         <name>.debug_info</name>
         <load_address>0x36ed</load_address>
         <run_address>0x36ed</run_address>
         <size>0x3cb</size>
         <input_file_ref idref="fl-8"/>
      </object_component>
      <object_component id="oc-35">
         <name>.debug_info</name>
         <load_address>0x3ab8</load_address>
         <run_address>0x3ab8</run_address>
         <size>0x2c7</size>
         <input_file_ref idref="fl-9"/>
      </object_component>
      <object_component id="oc-13">
         <name>.debug_info</name>
         <load_address>0x3d7f</load_address>
         <run_address>0x3d7f</run_address>
         <size>0xe2</size>
         <input_file_ref idref="fl-9"/>
      </object_component>
      <object_component id="oc-2b">
         <name>.debug_info</name>
         <load_address>0x3e61</load_address>
         <run_address>0x3e61</run_address>
         <size>0x25e</size>
         <input_file_ref idref="fl-9"/>
      </object_component>
      <object_component id="oc-c8">
         <name>.debug_info</name>
         <load_address>0x40bf</load_address>
         <run_address>0x40bf</run_address>
         <size>0xbb</size>
         <input_file_ref idref="fl-9"/>
      </object_component>
      <object_component id="oc-170">
         <name>.debug_info</name>
         <load_address>0x417a</load_address>
         <run_address>0x417a</run_address>
         <size>0x33a</size>
         <input_file_ref idref="fl-c3"/>
      </object_component>
      <object_component id="oc-9e">
         <name>.debug_info</name>
         <load_address>0x44b4</load_address>
         <run_address>0x44b4</run_address>
         <size>0x1ee</size>
         <input_file_ref idref="fl-c3"/>
      </object_component>
      <object_component id="oc-166">
         <name>.debug_info</name>
         <load_address>0x46a2</load_address>
         <run_address>0x46a2</run_address>
         <size>0x1c3</size>
         <input_file_ref idref="fl-c3"/>
      </object_component>
      <object_component id="oc-16d">
         <name>.debug_info</name>
         <load_address>0x4865</load_address>
         <run_address>0x4865</run_address>
         <size>0x176</size>
         <input_file_ref idref="fl-c3"/>
      </object_component>
      <object_component id="oc-171">
         <name>.debug_info</name>
         <load_address>0x49db</load_address>
         <run_address>0x49db</run_address>
         <size>0x2c</size>
         <input_file_ref idref="fl-c3"/>
      </object_component>
      <object_component id="oc-176">
         <name>.debug_info</name>
         <load_address>0x4a07</load_address>
         <run_address>0x4a07</run_address>
         <size>0x69</size>
         <input_file_ref idref="fl-c3"/>
      </object_component>
      <object_component id="oc-223">
         <name>.debug_info</name>
         <load_address>0x4a70</load_address>
         <run_address>0x4a70</run_address>
         <size>0x2a9</size>
         <input_file_ref idref="fl-c4"/>
      </object_component>
      <object_component id="oc-135">
         <name>.debug_info</name>
         <load_address>0x4d19</load_address>
         <run_address>0x4d19</run_address>
         <size>0x247</size>
         <input_file_ref idref="fl-c4"/>
      </object_component>
      <object_component id="oc-2b8">
         <name>.debug_info</name>
         <load_address>0x4f60</load_address>
         <run_address>0x4f60</run_address>
         <size>0x46</size>
         <input_file_ref idref="fl-c4"/>
      </object_component>
      <object_component id="oc-20d">
         <name>.debug_info</name>
         <load_address>0x4fa6</load_address>
         <run_address>0x4fa6</run_address>
         <size>0x39</size>
         <input_file_ref idref="fl-c4"/>
      </object_component>
      <object_component id="oc-21b">
         <name>.debug_info</name>
         <load_address>0x4fdf</load_address>
         <run_address>0x4fdf</run_address>
         <size>0x2c5</size>
         <input_file_ref idref="fl-c5"/>
      </object_component>
      <object_component id="oc-131">
         <name>.debug_info</name>
         <load_address>0x52a4</load_address>
         <run_address>0x52a4</run_address>
         <size>0x24e</size>
         <input_file_ref idref="fl-c5"/>
      </object_component>
      <object_component id="oc-35f">
         <name>.debug_info</name>
         <load_address>0x54f2</load_address>
         <run_address>0x54f2</run_address>
         <size>0x2f2</size>
         <input_file_ref idref="fl-c6"/>
      </object_component>
      <object_component id="oc-2c7">
         <name>.debug_info</name>
         <load_address>0x57e4</load_address>
         <run_address>0x57e4</run_address>
         <size>0x131</size>
         <input_file_ref idref="fl-c6"/>
      </object_component>
      <object_component id="oc-220">
         <name>.debug_info</name>
         <load_address>0x5915</load_address>
         <run_address>0x5915</run_address>
         <size>0x4ac</size>
         <input_file_ref idref="fl-c6"/>
      </object_component>
      <object_component id="oc-213">
         <name>.debug_info</name>
         <load_address>0x5dc1</load_address>
         <run_address>0x5dc1</run_address>
         <size>0x361</size>
         <input_file_ref idref="fl-c7"/>
      </object_component>
      <object_component id="oc-12a">
         <name>.debug_info</name>
         <load_address>0x6122</load_address>
         <run_address>0x6122</run_address>
         <size>0x79b</size>
         <input_file_ref idref="fl-c7"/>
      </object_component>
      <object_component id="oc-20c">
         <name>.debug_info</name>
         <load_address>0x68bd</load_address>
         <run_address>0x68bd</run_address>
         <size>0x361</size>
         <input_file_ref idref="fl-c8"/>
      </object_component>
      <object_component id="oc-122">
         <name>.debug_info</name>
         <load_address>0x6c1e</load_address>
         <run_address>0x6c1e</run_address>
         <size>0x7ae</size>
         <input_file_ref idref="fl-c8"/>
      </object_component>
      <object_component id="oc-99">
         <name>.debug_info</name>
         <load_address>0x73cc</load_address>
         <run_address>0x73cc</run_address>
         <size>0x14c</size>
         <input_file_ref idref="fl-c9"/>
      </object_component>
      <object_component id="oc-1fc">
         <name>.debug_info</name>
         <load_address>0x7518</load_address>
         <run_address>0x7518</run_address>
         <size>0x128</size>
         <input_file_ref idref="fl-ca"/>
      </object_component>
      <object_component id="oc-95">
         <name>.debug_info</name>
         <load_address>0x7640</load_address>
         <run_address>0x7640</run_address>
         <size>0x12a</size>
         <input_file_ref idref="fl-ca"/>
      </object_component>
      <object_component id="oc-115">
         <name>.debug_info</name>
         <load_address>0x776a</load_address>
         <run_address>0x776a</run_address>
         <size>0x13a</size>
         <input_file_ref idref="fl-cb"/>
      </object_component>
      <object_component id="oc-10e">
         <name>.debug_info</name>
         <load_address>0x78a4</load_address>
         <run_address>0x78a4</run_address>
         <size>0x13a</size>
         <input_file_ref idref="fl-cc"/>
      </object_component>
      <object_component id="oc-a3">
         <name>.debug_info</name>
         <load_address>0x79de</load_address>
         <run_address>0x79de</run_address>
         <size>0x12e</size>
         <input_file_ref idref="fl-cd"/>
      </object_component>
      <object_component id="oc-118">
         <name>.debug_info</name>
         <load_address>0x7b0c</load_address>
         <run_address>0x7b0c</run_address>
         <size>0x13e</size>
         <input_file_ref idref="fl-ce"/>
      </object_component>
      <object_component id="oc-11d">
         <name>.debug_info</name>
         <load_address>0x7c4a</load_address>
         <run_address>0x7c4a</run_address>
         <size>0x12c</size>
         <input_file_ref idref="fl-cf"/>
      </object_component>
      <object_component id="oc-13a">
         <name>.debug_info</name>
         <load_address>0x7d76</load_address>
         <run_address>0x7d76</run_address>
         <size>0x12c</size>
         <input_file_ref idref="fl-d0"/>
      </object_component>
      <object_component id="oc-43">
         <name>.debug_info</name>
         <load_address>0x7ea2</load_address>
         <run_address>0x7ea2</run_address>
         <size>0x119</size>
         <input_file_ref idref="fl-d1"/>
      </object_component>
      <object_component id="oc-e1">
         <name>.debug_info</name>
         <load_address>0x7fbb</load_address>
         <run_address>0x7fbb</run_address>
         <size>0x2d4</size>
         <input_file_ref idref="fl-d2"/>
      </object_component>
      <object_component id="oc-55">
         <name>.debug_info</name>
         <load_address>0x828f</load_address>
         <run_address>0x828f</run_address>
         <size>0x1b5</size>
         <input_file_ref idref="fl-d2"/>
      </object_component>
      <object_component id="oc-dc">
         <name>.debug_info</name>
         <load_address>0x8444</load_address>
         <run_address>0x8444</run_address>
         <size>0x46</size>
         <input_file_ref idref="fl-d2"/>
      </object_component>
      <object_component id="oc-1a5">
         <name>.debug_info</name>
         <load_address>0x848a</load_address>
         <run_address>0x848a</run_address>
         <size>0x2c</size>
         <input_file_ref idref="fl-d2"/>
      </object_component>
      <object_component id="oc-4c">
         <name>.debug_info</name>
         <load_address>0x84b6</load_address>
         <run_address>0x84b6</run_address>
         <size>0x2a8</size>
         <input_file_ref idref="fl-d3"/>
      </object_component>
      <object_component id="oc-1e">
         <name>.debug_info</name>
         <load_address>0x875e</load_address>
         <run_address>0x875e</run_address>
         <size>0x1ea</size>
         <input_file_ref idref="fl-d3"/>
      </object_component>
      <object_component id="oc-47">
         <name>.debug_info</name>
         <load_address>0x8948</load_address>
         <run_address>0x8948</run_address>
         <size>0x46</size>
         <input_file_ref idref="fl-d3"/>
      </object_component>
      <object_component id="oc-d4">
         <name>.debug_info</name>
         <load_address>0x898e</load_address>
         <run_address>0x898e</run_address>
         <size>0x2c</size>
         <input_file_ref idref="fl-d3"/>
      </object_component>
      <object_component id="oc-d2">
         <name>.debug_info</name>
         <load_address>0x89ba</load_address>
         <run_address>0x89ba</run_address>
         <size>0x29e</size>
         <input_file_ref idref="fl-d4"/>
      </object_component>
      <object_component id="oc-18">
         <name>.debug_info</name>
         <load_address>0x8c58</load_address>
         <run_address>0x8c58</run_address>
         <size>0x250</size>
         <input_file_ref idref="fl-d4"/>
      </object_component>
      <object_component id="oc-37">
         <name>.debug_info</name>
         <load_address>0x8ea8</load_address>
         <run_address>0x8ea8</run_address>
         <size>0x60</size>
         <input_file_ref idref="fl-d4"/>
      </object_component>
      <object_component id="oc-19e">
         <name>.debug_info</name>
         <load_address>0x8f08</load_address>
         <run_address>0x8f08</run_address>
         <size>0x46</size>
         <input_file_ref idref="fl-d4"/>
      </object_component>
      <object_component id="oc-cd">
         <name>.debug_info</name>
         <load_address>0x8f4e</load_address>
         <run_address>0x8f4e</run_address>
         <size>0x39</size>
         <input_file_ref idref="fl-d4"/>
      </object_component>
      <object_component id="oc-235">
         <name>.debug_info</name>
         <load_address>0x8f87</load_address>
         <run_address>0x8f87</run_address>
         <size>0x2c5</size>
         <input_file_ref idref="fl-d5"/>
      </object_component>
      <object_component id="oc-14b">
         <name>.debug_info</name>
         <load_address>0x924c</load_address>
         <run_address>0x924c</run_address>
         <size>0x149</size>
         <input_file_ref idref="fl-d5"/>
      </object_component>
      <object_component id="oc-146">
         <name>.debug_info</name>
         <load_address>0x9395</load_address>
         <run_address>0x9395</run_address>
         <size>0x2b9</size>
         <input_file_ref idref="fl-d6"/>
      </object_component>
      <object_component id="oc-88">
         <name>.debug_info</name>
         <load_address>0x964e</load_address>
         <run_address>0x964e</run_address>
         <size>0x17c</size>
         <input_file_ref idref="fl-d6"/>
      </object_component>
      <object_component id="oc-22b">
         <name>.debug_info</name>
         <load_address>0x97ca</load_address>
         <run_address>0x97ca</run_address>
         <size>0xf9</size>
         <input_file_ref idref="fl-d7"/>
      </object_component>
      <object_component id="oc-143">
         <name>.debug_info</name>
         <load_address>0x98c3</load_address>
         <run_address>0x98c3</run_address>
         <size>0x105</size>
         <input_file_ref idref="fl-d7"/>
      </object_component>
      <object_component id="oc-2d2">
         <name>.debug_info</name>
         <load_address>0x99c8</load_address>
         <run_address>0x99c8</run_address>
         <size>0x3b1</size>
         <input_file_ref idref="fl-d8"/>
      </object_component>
      <object_component id="oc-2cf">
         <name>.debug_info</name>
         <load_address>0x9d79</load_address>
         <run_address>0x9d79</run_address>
         <size>0x123</size>
         <input_file_ref idref="fl-d8"/>
      </object_component>
      <object_component id="oc-22f">
         <name>.debug_info</name>
         <load_address>0x9e9c</load_address>
         <run_address>0x9e9c</run_address>
         <size>0x4e0</size>
         <input_file_ref idref="fl-d8"/>
      </object_component>
      <object_component id="oc-2ad">
         <name>.debug_info</name>
         <load_address>0xa37c</load_address>
         <run_address>0xa37c</run_address>
         <size>0x3aa</size>
         <input_file_ref idref="fl-d9"/>
      </object_component>
      <object_component id="oc-2aa">
         <name>.debug_info</name>
         <load_address>0xa726</load_address>
         <run_address>0xa726</run_address>
         <size>0x13a</size>
         <input_file_ref idref="fl-d9"/>
      </object_component>
      <object_component id="oc-200">
         <name>.debug_info</name>
         <load_address>0xa860</load_address>
         <run_address>0xa860</run_address>
         <size>0x72f</size>
         <input_file_ref idref="fl-d9"/>
      </object_component>
      <object_component id="oc-352">
         <name>.debug_info</name>
         <load_address>0xaf8f</load_address>
         <run_address>0xaf8f</run_address>
         <size>0x39</size>
         <input_file_ref idref="fl-d9"/>
      </object_component>
      <object_component id="oc-2af">
         <name>.debug_info</name>
         <load_address>0xafc8</load_address>
         <run_address>0xafc8</run_address>
         <size>0x2c</size>
         <input_file_ref idref="fl-d9"/>
      </object_component>
      <object_component id="oc-2c3">
         <name>.debug_info</name>
         <load_address>0xaff4</load_address>
         <run_address>0xaff4</run_address>
         <size>0x289</size>
         <input_file_ref idref="fl-da"/>
      </object_component>
      <object_component id="oc-2c0">
         <name>.debug_info</name>
         <load_address>0xb27d</load_address>
         <run_address>0xb27d</run_address>
         <size>0x10e</size>
         <input_file_ref idref="fl-da"/>
      </object_component>
      <object_component id="oc-216">
         <name>.debug_info</name>
         <load_address>0xb38b</load_address>
         <run_address>0xb38b</run_address>
         <size>0x14e</size>
         <input_file_ref idref="fl-da"/>
      </object_component>
      <object_component id="oc-25">
         <name>.debug_info</name>
         <load_address>0xb4d9</load_address>
         <run_address>0xb4d9</run_address>
         <size>0x10b</size>
         <input_file_ref idref="fl-db"/>
      </object_component>
      <object_component id="oc-61">
         <name>.debug_info</name>
         <load_address>0xb5e4</load_address>
         <run_address>0xb5e4</run_address>
         <size>0x1a9</size>
         <input_file_ref idref="fl-db"/>
      </object_component>
      <object_component id="oc-26b">
         <name>.debug_info</name>
         <load_address>0xb78d</load_address>
         <run_address>0xb78d</run_address>
         <size>0x590</size>
         <input_file_ref idref="fl-dc"/>
      </object_component>
      <object_component id="oc-241">
         <name>.debug_info</name>
         <load_address>0xbd1d</load_address>
         <run_address>0xbd1d</run_address>
         <size>0x21e</size>
         <input_file_ref idref="fl-dc"/>
      </object_component>
      <object_component id="oc-2e5">
         <name>.debug_info</name>
         <load_address>0xbf3b</load_address>
         <run_address>0xbf3b</run_address>
         <size>0x1b3</size>
         <input_file_ref idref="fl-dc"/>
      </object_component>
      <object_component id="oc-2eb">
         <name>.debug_info</name>
         <load_address>0xc0ee</load_address>
         <run_address>0xc0ee</run_address>
         <size>0x21b</size>
         <input_file_ref idref="fl-dc"/>
      </object_component>
      <object_component id="oc-247">
         <name>.debug_info</name>
         <load_address>0xc309</load_address>
         <run_address>0xc309</run_address>
         <size>0x3c0</size>
         <input_file_ref idref="fl-dc"/>
      </object_component>
      <object_component id="oc-2f2">
         <name>.debug_info</name>
         <load_address>0xc6c9</load_address>
         <run_address>0xc6c9</run_address>
         <size>0x30a</size>
         <input_file_ref idref="fl-dc"/>
      </object_component>
      <object_component id="oc-2f8">
         <name>.debug_info</name>
         <load_address>0xc9d3</load_address>
         <run_address>0xc9d3</run_address>
         <size>0x215</size>
         <input_file_ref idref="fl-dc"/>
      </object_component>
      <object_component id="oc-24d">
         <name>.debug_info</name>
         <load_address>0xcbe8</load_address>
         <run_address>0xcbe8</run_address>
         <size>0x215</size>
         <input_file_ref idref="fl-dc"/>
      </object_component>
      <object_component id="oc-253">
         <name>.debug_info</name>
         <load_address>0xcdfd</load_address>
         <run_address>0xcdfd</run_address>
         <size>0x304</size>
         <input_file_ref idref="fl-dc"/>
      </object_component>
      <object_component id="oc-259">
         <name>.debug_info</name>
         <load_address>0xd101</load_address>
         <run_address>0xd101</run_address>
         <size>0x4b5</size>
         <input_file_ref idref="fl-dc"/>
      </object_component>
      <object_component id="oc-15e">
         <name>.debug_info</name>
         <load_address>0xd5b6</load_address>
         <run_address>0xd5b6</run_address>
         <size>0x5f4</size>
         <input_file_ref idref="fl-dc"/>
      </object_component>
      <object_component id="oc-26c">
         <name>.debug_info</name>
         <load_address>0xdbaa</load_address>
         <run_address>0xdbaa</run_address>
         <size>0x86</size>
         <input_file_ref idref="fl-dc"/>
      </object_component>
      <object_component id="oc-317">
         <name>.debug_info</name>
         <load_address>0xdc30</load_address>
         <run_address>0xdc30</run_address>
         <size>0x39</size>
         <input_file_ref idref="fl-dc"/>
      </object_component>
      <object_component id="oc-380">
         <name>.debug_info</name>
         <load_address>0xdc69</load_address>
         <run_address>0xdc69</run_address>
         <size>0xb6</size>
         <input_file_ref idref="fl-dc"/>
      </object_component>
      <object_component id="oc-31c">
         <name>.debug_info</name>
         <load_address>0xdd1f</load_address>
         <run_address>0xdd1f</run_address>
         <size>0x46</size>
         <input_file_ref idref="fl-dc"/>
      </object_component>
      <object_component id="oc-271">
         <name>.debug_info</name>
         <load_address>0xdd65</load_address>
         <run_address>0xdd65</run_address>
         <size>0x46</size>
         <input_file_ref idref="fl-dc"/>
      </object_component>
      <object_component id="oc-2b5">
         <name>.debug_info</name>
         <load_address>0xddab</load_address>
         <run_address>0xddab</run_address>
         <size>0x288</size>
         <input_file_ref idref="fl-dd"/>
      </object_component>
      <object_component id="oc-208">
         <name>.debug_info</name>
         <load_address>0xe033</load_address>
         <run_address>0xe033</run_address>
         <size>0x327</size>
         <input_file_ref idref="fl-dd"/>
      </object_component>
      <object_component id="oc-29b">
         <name>.debug_info</name>
         <load_address>0xe35a</load_address>
         <run_address>0xe35a</run_address>
         <size>0x28d</size>
         <input_file_ref idref="fl-de"/>
      </object_component>
      <object_component id="oc-1f7">
         <name>.debug_info</name>
         <load_address>0xe5e7</load_address>
         <run_address>0xe5e7</run_address>
         <size>0x380</size>
         <input_file_ref idref="fl-de"/>
      </object_component>
      <object_component id="oc-34d">
         <name>.debug_info</name>
         <load_address>0xe967</load_address>
         <run_address>0xe967</run_address>
         <size>0x28a</size>
         <input_file_ref idref="fl-df"/>
      </object_component>
      <object_component id="oc-2a5">
         <name>.debug_info</name>
         <load_address>0xebf1</load_address>
         <run_address>0xebf1</run_address>
         <size>0x22a</size>
         <input_file_ref idref="fl-df"/>
      </object_component>
      <object_component id="oc-374">
         <name>.debug_info</name>
         <load_address>0xee1b</load_address>
         <run_address>0xee1b</run_address>
         <size>0x295</size>
         <input_file_ref idref="fl-e0"/>
      </object_component>
      <object_component id="oc-300">
         <name>.debug_info</name>
         <load_address>0xf0b0</load_address>
         <run_address>0xf0b0</run_address>
         <size>0x195</size>
         <input_file_ref idref="fl-e0"/>
      </object_component>
      <object_component id="oc-34b">
         <name>.debug_info</name>
         <load_address>0xf245</load_address>
         <run_address>0xf245</run_address>
         <size>0x2f8</size>
         <input_file_ref idref="fl-e1"/>
      </object_component>
      <object_component id="oc-29e">
         <name>.debug_info</name>
         <load_address>0xf53d</load_address>
         <run_address>0xf53d</run_address>
         <size>0x225</size>
         <input_file_ref idref="fl-e1"/>
      </object_component>
      <object_component id="oc-314">
         <name>.debug_info</name>
         <load_address>0xf762</load_address>
         <run_address>0xf762</run_address>
         <size>0x28f</size>
         <input_file_ref idref="fl-e2"/>
      </object_component>
      <object_component id="oc-265">
         <name>.debug_info</name>
         <load_address>0xf9f1</load_address>
         <run_address>0xf9f1</run_address>
         <size>0x15a</size>
         <input_file_ref idref="fl-e2"/>
      </object_component>
      <object_component id="oc-379">
         <name>.debug_info</name>
         <load_address>0xfb4b</load_address>
         <run_address>0xfb4b</run_address>
         <size>0x46</size>
         <input_file_ref idref="fl-e2"/>
      </object_component>
      <object_component id="oc-30f">
         <name>.debug_info</name>
         <load_address>0xfb91</load_address>
         <run_address>0xfb91</run_address>
         <size>0x39</size>
         <input_file_ref idref="fl-e2"/>
      </object_component>
      <object_component id="oc-2da">
         <name>.debug_info</name>
         <load_address>0xfbca</load_address>
         <run_address>0xfbca</run_address>
         <size>0x134</size>
         <input_file_ref idref="fl-e3"/>
      </object_component>
      <object_component id="oc-e3">
         <name>.debug_info</name>
         <load_address>0xfcfe</load_address>
         <run_address>0xfcfe</run_address>
         <size>0x147</size>
         <input_file_ref idref="fl-e4"/>
      </object_component>
      <object_component id="oc-285">
         <name>.debug_info</name>
         <load_address>0xfe45</load_address>
         <run_address>0xfe45</run_address>
         <size>0x4b3</size>
         <input_file_ref idref="fl-e5"/>
      </object_component>
      <object_component id="oc-1bb">
         <name>.debug_info</name>
         <load_address>0x102f8</load_address>
         <run_address>0x102f8</run_address>
         <size>0x1a6</size>
         <input_file_ref idref="fl-e5"/>
      </object_component>
      <object_component id="oc-331">
         <name>.debug_info</name>
         <load_address>0x1049e</load_address>
         <run_address>0x1049e</run_address>
         <size>0x39</size>
         <input_file_ref idref="fl-e5"/>
      </object_component>
      <object_component id="oc-388">
         <name>.debug_info</name>
         <load_address>0x104d7</load_address>
         <run_address>0x104d7</run_address>
         <size>0x39</size>
         <input_file_ref idref="fl-e5"/>
      </object_component>
      <object_component id="oc-336">
         <name>.debug_info</name>
         <load_address>0x10510</load_address>
         <run_address>0x10510</run_address>
         <size>0x39</size>
         <input_file_ref idref="fl-e5"/>
      </object_component>
      <object_component id="oc-33b">
         <name>.debug_info</name>
         <load_address>0x10549</load_address>
         <run_address>0x10549</run_address>
         <size>0xcd</size>
         <input_file_ref idref="fl-e5"/>
      </object_component>
      <object_component id="oc-e9">
         <name>.debug_info</name>
         <load_address>0x10616</load_address>
         <run_address>0x10616</run_address>
         <size>0x153</size>
         <input_file_ref idref="fl-e6"/>
      </object_component>
      <object_component id="oc-1b2">
         <name>.debug_info</name>
         <load_address>0x10769</load_address>
         <run_address>0x10769</run_address>
         <size>0x122</size>
         <input_file_ref idref="fl-e8"/>
      </object_component>
      <object_component id="oc-36e">
         <name>.debug_info</name>
         <load_address>0x1088b</load_address>
         <run_address>0x1088b</run_address>
         <size>0x29c</size>
         <input_file_ref idref="fl-ea"/>
      </object_component>
      <object_component id="oc-2e2">
         <name>.debug_info</name>
         <load_address>0x10b27</load_address>
         <run_address>0x10b27</run_address>
         <size>0x1da</size>
         <input_file_ref idref="fl-ea"/>
      </object_component>
      <object_component id="oc-30d">
         <name>.debug_info</name>
         <load_address>0x10d01</load_address>
         <run_address>0x10d01</run_address>
         <size>0x2a7</size>
         <input_file_ref idref="fl-ec"/>
      </object_component>
      <object_component id="oc-25f">
         <name>.debug_info</name>
         <load_address>0x10fa8</load_address>
         <run_address>0x10fa8</run_address>
         <size>0x1b8</size>
         <input_file_ref idref="fl-ec"/>
      </object_component>
      <object_component id="oc-376">
         <name>.debug_info</name>
         <load_address>0x11160</load_address>
         <run_address>0x11160</run_address>
         <size>0x29a</size>
         <input_file_ref idref="fl-ed"/>
      </object_component>
      <object_component id="oc-306">
         <name>.debug_info</name>
         <load_address>0x113fa</load_address>
         <run_address>0x113fa</run_address>
         <size>0x262</size>
         <input_file_ref idref="fl-ed"/>
      </object_component>
      <object_component id="oc-2d7">
         <name>.debug_info</name>
         <load_address>0x1165c</load_address>
         <run_address>0x1165c</run_address>
         <size>0x28f</size>
         <input_file_ref idref="fl-ee"/>
      </object_component>
      <object_component id="oc-23c">
         <name>.debug_info</name>
         <load_address>0x118eb</load_address>
         <run_address>0x118eb</run_address>
         <size>0x245</size>
         <input_file_ref idref="fl-ee"/>
      </object_component>
      <object_component id="oc-346">
         <name>.debug_info</name>
         <load_address>0x11b30</load_address>
         <run_address>0x11b30</run_address>
         <size>0x161</size>
         <input_file_ref idref="fl-ef"/>
      </object_component>
      <object_component id="oc-368">
         <name>.debug_info</name>
         <load_address>0x11c91</load_address>
         <run_address>0x11c91</run_address>
         <size>0x115</size>
         <input_file_ref idref="fl-f0"/>
      </object_component>
      <object_component id="oc-3d1">
         <name>.debug_info</name>
         <load_address>0x11da6</load_address>
         <run_address>0x11da6</run_address>
         <size>0x95</size>
      </object_component>
      <object_component id="oc-237">
         <name>.debug_line</name>
         <load_address>0x0</load_address>
         <run_address>0x0</run_address>
         <size>0x77</size>
         <input_file_ref idref="fl-2"/>
      </object_component>
      <object_component id="oc-239">
         <name>.debug_line</name>
         <load_address>0x77</load_address>
         <run_address>0x77</run_address>
         <size>0x2c</size>
         <input_file_ref idref="fl-2"/>
      </object_component>
      <object_component id="oc-8e">
         <name>.debug_line</name>
         <load_address>0xa3</load_address>
         <run_address>0xa3</run_address>
         <size>0x13f</size>
         <input_file_ref idref="fl-2"/>
      </object_component>
      <object_component id="oc-c6">
         <name>.debug_line</name>
         <load_address>0x1e2</load_address>
         <run_address>0x1e2</run_address>
         <size>0x6f</size>
         <input_file_ref idref="fl-2"/>
      </object_component>
      <object_component id="oc-3f">
         <name>.debug_line</name>
         <load_address>0x251</load_address>
         <run_address>0x251</run_address>
         <size>0x20</size>
         <input_file_ref idref="fl-2"/>
      </object_component>
      <object_component id="oc-19c">
         <name>.debug_line</name>
         <load_address>0x271</load_address>
         <run_address>0x271</run_address>
         <size>0x73</size>
         <input_file_ref idref="fl-2"/>
      </object_component>
      <object_component id="oc-18f">
         <name>.debug_line</name>
         <load_address>0x2e4</load_address>
         <run_address>0x2e4</run_address>
         <size>0x6a</size>
         <input_file_ref idref="fl-2"/>
      </object_component>
      <object_component id="oc-17e">
         <name>.debug_line</name>
         <load_address>0x34e</load_address>
         <run_address>0x34e</run_address>
         <size>0x6b</size>
         <input_file_ref idref="fl-2"/>
      </object_component>
      <object_component id="oc-18a">
         <name>.debug_line</name>
         <load_address>0x3b9</load_address>
         <run_address>0x3b9</run_address>
         <size>0x74</size>
         <input_file_ref idref="fl-2"/>
      </object_component>
      <object_component id="oc-1ed">
         <name>.debug_line</name>
         <load_address>0x42d</load_address>
         <run_address>0x42d</run_address>
         <size>0x41</size>
         <input_file_ref idref="fl-3"/>
      </object_component>
      <object_component id="oc-78">
         <name>.debug_line</name>
         <load_address>0x46e</load_address>
         <run_address>0x46e</run_address>
         <size>0x15c</size>
         <input_file_ref idref="fl-3"/>
      </object_component>
      <object_component id="oc-228">
         <name>.debug_line</name>
         <load_address>0x5ca</load_address>
         <run_address>0x5ca</run_address>
         <size>0x50</size>
         <input_file_ref idref="fl-4"/>
      </object_component>
      <object_component id="oc-85">
         <name>.debug_line</name>
         <load_address>0x61a</load_address>
         <run_address>0x61a</run_address>
         <size>0xbe</size>
         <input_file_ref idref="fl-4"/>
      </object_component>
      <object_component id="oc-10c">
         <name>.debug_line</name>
         <load_address>0x6d8</load_address>
         <run_address>0x6d8</run_address>
         <size>0x89</size>
         <input_file_ref idref="fl-5"/>
      </object_component>
      <object_component id="oc-103">
         <name>.debug_line</name>
         <load_address>0x761</load_address>
         <run_address>0x761</run_address>
         <size>0x13b</size>
         <input_file_ref idref="fl-6"/>
      </object_component>
      <object_component id="oc-226">
         <name>.debug_line</name>
         <load_address>0x89c</load_address>
         <run_address>0x89c</run_address>
         <size>0x92</size>
         <input_file_ref idref="fl-7"/>
      </object_component>
      <object_component id="oc-7e">
         <name>.debug_line</name>
         <load_address>0x92e</load_address>
         <run_address>0x92e</run_address>
         <size>0x145</size>
         <input_file_ref idref="fl-7"/>
      </object_component>
      <object_component id="oc-186">
         <name>.debug_line</name>
         <load_address>0xa73</load_address>
         <run_address>0xa73</run_address>
         <size>0xfb</size>
         <input_file_ref idref="fl-8"/>
      </object_component>
      <object_component id="oc-182">
         <name>.debug_line</name>
         <load_address>0xb6e</load_address>
         <run_address>0xb6e</run_address>
         <size>0x2d</size>
         <input_file_ref idref="fl-8"/>
      </object_component>
      <object_component id="oc-192">
         <name>.debug_line</name>
         <load_address>0xb9b</load_address>
         <run_address>0xb9b</run_address>
         <size>0x2d</size>
         <input_file_ref idref="fl-8"/>
      </object_component>
      <object_component id="oc-194">
         <name>.debug_line</name>
         <load_address>0xbc8</load_address>
         <run_address>0xbc8</run_address>
         <size>0x2d</size>
         <input_file_ref idref="fl-8"/>
      </object_component>
      <object_component id="oc-184">
         <name>.debug_line</name>
         <load_address>0xbf5</load_address>
         <run_address>0xbf5</run_address>
         <size>0x2d</size>
         <input_file_ref idref="fl-8"/>
      </object_component>
      <object_component id="oc-196">
         <name>.debug_line</name>
         <load_address>0xc22</load_address>
         <run_address>0xc22</run_address>
         <size>0x2d</size>
         <input_file_ref idref="fl-8"/>
      </object_component>
      <object_component id="oc-198">
         <name>.debug_line</name>
         <load_address>0xc4f</load_address>
         <run_address>0xc4f</run_address>
         <size>0x2d</size>
         <input_file_ref idref="fl-8"/>
      </object_component>
      <object_component id="oc-2f">
         <name>.debug_line</name>
         <load_address>0xc7c</load_address>
         <run_address>0xc7c</run_address>
         <size>0x1fd</size>
         <input_file_ref idref="fl-8"/>
      </object_component>
      <object_component id="oc-c2">
         <name>.debug_line</name>
         <load_address>0xe79</load_address>
         <run_address>0xe79</run_address>
         <size>0x41</size>
         <input_file_ref idref="fl-9"/>
      </object_component>
      <object_component id="oc-34">
         <name>.debug_line</name>
[...]
      </symbol>
      <symbol id="sm-7b">
         <name>mask</name>
         <value>0x20002f00</value>
      </symbol>
      <symbol id="sm-7c">
         <name>temp0</name>
         <value>0x20002f08</value>
      </symbol>
      <symbol id="sm-7d">
         <name>temp1d</name>
         <value>0x20002f20</value>
      </symbol>
      <symbol id="sm-7e">
         <name>temp1m</name>
         <value>0x20002f10</value>
      </symbol>
      <symbol id="sm-7f">
         <name>temp2d</name>
         <value>0x20002f24</value>
      </symbol>
      <symbol id="sm-80">
         <name>temp2m</name>
         <value>0x20002f18</value>
      </symbol>
      <symbol id="sm-81">
         <name>gps_fix</name>
         <value>0x20002f2f</value>
      </symbol>
      <symbol id="sm-82">
         <name>dummy</name>
         <value>0x20002f2e</value>
      </symbol>
      <symbol id="sm-83">
         <name>target</name>
         <value>0x20003188</value>
         <object_component_ref idref="oc-150"/>
      </symbol>
      <symbol id="sm-84">
         <name>gps_fetch</name>
         <value>0x3b61</value>
         <object_component_ref idref="oc-8c"/>
      </symbol>
      <symbol id="sm-e3">
         <name>row</name>
         <value>0x20002f30</value>
      </symbol>
      <symbol id="sm-e4">
         <name>col</name>
         <value>0x20002f2d</value>
      </symbol>
      <symbol id="sm-e5">
         <name>shift</name>
         <value>0x20002f31</value>
      </symbol>
      <symbol id="sm-e6">
         <name>temp_key</name>
         <value>0x20002f28</value>
      </symbol>
      <symbol id="sm-e7">
         <name>getChar</name>
         <value>0x2549</value>
         <object_component_ref idref="oc-74"/>
      </symbol>
      <symbol id="sm-e8">
         <name>getChar2</name>
         <value>0x279b</value>
         <object_component_ref idref="oc-74"/>
      </symbol>
      <symbol id="sm-ff">
         <name>lcd_send_cmd</name>
         <value>0x4339</value>
         <object_component_ref idref="oc-80"/>
      </symbol>
      <symbol id="sm-100">
         <name>display_data</name>
         <value>0x43e5</value>
         <object_component_ref idref="oc-80"/>
      </symbol>
      <symbol id="sm-101">
         <name>lcd_init</name>
         <value>0x43b1</value>
         <object_component_ref idref="oc-80"/>
      </symbol>
      <symbol id="sm-102">
         <name>lcd_set_cursor</name>
         <value>0x4481</value>
         <object_component_ref idref="oc-80"/>
      </symbol>
      <symbol id="sm-115">
         <name>SysTick_Wait</name>
         <value>0x531d</value>
         <object_component_ref idref="oc-107"/>
      </symbol>
      <symbol id="sm-116">
         <name>SysTick_Wait10ms</name>
         <value>0x533d</value>
         <object_component_ref idref="oc-107"/>
      </symbol>
      <symbol id="sm-117">
         <name>SysTick_Init</name>
         <value>0x5301</value>
         <object_component_ref idref="oc-107"/>
      </symbol>
      <symbol id="sm-164">
         <name>PortE_Init</name>
         <value>0x339f</value>
         <object_component_ref idref="oc-101"/>
      </symbol>
      <symbol id="sm-165">
         <name>PortF_Init</name>
         <value>0x33e5</value>
         <object_component_ref idref="oc-101"/>
      </symbol>
      <symbol id="sm-166">
         <name>PortA_Init</name>
         <value>0x32e9</value>
         <object_component_ref idref="oc-101"/>
      </symbol>
      <symbol id="sm-167">
         <name>PortB_Init</name>
         <value>0x3315</value>
         <object_component_ref idref="oc-101"/>
      </symbol>
      <symbol id="sm-168">
         <name>Red_LED</name>
         <value>0x350d</value>
         <object_component_ref idref="oc-101"/>
      </symbol>
      <symbol id="sm-169">
         <name>UART0_Init</name>
         <value>0x3429</value>
         <object_component_ref idref="oc-101"/>
      </symbol>
      <symbol id="sm-16a">
         <name>UART2_Init</name>
         <value>0x349b</value>
         <object_component_ref idref="oc-101"/>
      </symbol>
      <symbol id="sm-195">
         <name>check_distance</name>
         <value>0x2e49</value>
         <object_component_ref idref="oc-7a"/>
      </symbol>
      <symbol id="sm-196">
         <name>dec_to_dms</name>
         <value>0x2d8d</value>
         <object_component_ref idref="oc-7a"/>
      </symbol>
      <symbol id="sm-197">
         <name>calc_distance</name>
         <value>0x2ac5</value>
         <object_component_ref idref="oc-7a"/>
      </symbol>
      <symbol id="sm-198">
         <name>int_to_str</name>
         <value>0x2cd5</value>
         <object_component_ref idref="oc-7a"/>
      </symbol>
      <symbol id="sm-199">
         <name>Initialize</name>
         <value>0x2a67</value>
         <object_component_ref idref="oc-7a"/>
      </symbol>
      <symbol id="sm-19a">
         <name>display_2d</name>
         <value>0x2a43</value>
         <object_component_ref idref="oc-7a"/>
      </symbol>
      <symbol id="sm-19b">
         <name>Delay</name>
         <value>0x2a29</value>
         <object_component_ref idref="oc-7a"/>
      </symbol>
      <symbol id="sm-237">
         <name>latitude</name>
         <value>0x20002ef0</value>
      </symbol>
      <symbol id="sm-238">
         <name>longitude</name>
         <value>0x20002ef8</value>
      </symbol>
      <symbol id="sm-239">
         <name>data_log</name>
         <value>0x20000000</value>
      </symbol>
      <symbol id="sm-23a">
         <name>check</name>
         <value>0x20002f2c</value>
      </symbol>
      <symbol id="sm-23b">
         <name>output</name>
         <value>0x20002ee0</value>
      </symbol>
      <symbol id="sm-23c">
         <name>target_distance</name>
         <value>0x20003158</value>
         <object_component_ref idref="oc-a7"/>
      </symbol>
      <symbol id="sm-23d">
         <name>data1</name>
         <value>0x20003168</value>
         <object_component_ref idref="oc-b3"/>
      </symbol>
      <symbol id="sm-23e">
         <name>data2</name>
         <value>0x20003178</value>
         <object_component_ref idref="oc-b6"/>
      </symbol>
      <symbol id="sm-23f">
         <name>KeyPad_Handler</name>
         <value>0x1fb1</value>
         <object_component_ref idref="oc-2d"/>
      </symbol>
      <symbol id="sm-240">
         <name>start</name>
         <value>0x2000315c</value>
         <object_component_ref idref="oc-a7"/>
      </symbol>
      <symbol id="sm-241">
         <name>v</name>
         <value>0x20003164</value>
         <object_component_ref idref="oc-a7"/>
      </symbol>
      <symbol id="sm-242">
         <name>key</name>
         <value>0x2000315e</value>
         <object_component_ref idref="oc-a7"/>
      </symbol>
      <symbol id="sm-243">
         <name>distance</name>
         <value>0x20003148</value>
         <object_component_ref idref="oc-a7"/>
      </symbol>
      <symbol id="sm-244">
         <name>fetch_no</name>
         <value>0x20003138</value>
         <object_component_ref idref="oc-a7"/>
      </symbol>
      <symbol id="sm-245">
         <name>pointer</name>
         <value>0x2000313c</value>
         <object_component_ref idref="oc-a7"/>
      </symbol>
      <symbol id="sm-246">
         <name>main</name>
         <value>0x1fe7</value>
         <object_component_ref idref="oc-2d"/>
      </symbol>
      <symbol id="sm-247">
         <name>index</name>
         <value>0x20003160</value>
         <object_component_ref idref="oc-a7"/>
      </symbol>
      <symbol id="sm-248">
         <name>dist</name>
         <value>0x2000318e</value>
         <object_component_ref idref="oc-aa"/>
      </symbol>
      <symbol id="sm-249">
         <name>pass</name>
         <value>0x2000315f</value>
         <object_component_ref idref="oc-a7"/>
      </symbol>
      <symbol id="sm-24a">
         <name>end</name>
         <value>0x2000315d</value>
         <object_component_ref idref="oc-a7"/>
      </symbol>
      <symbol id="sm-24b">
         <name>total_distance</name>
         <value>0x20003150</value>
         <object_component_ref idref="oc-a7"/>
      </symbol>
      <symbol id="sm-24c">
         <name>time</name>
         <value>0x20003140</value>
         <object_component_ref idref="oc-a7"/>
      </symbol>
      <symbol id="sm-26d">
         <name>ResetISR</name>
         <value>0x58fd</value>
         <object_component_ref idref="oc-27"/>
      </symbol>
      <symbol id="sm-26e">
         <name>g_pfnVectors</name>
         <value>0x0</value>
         <object_component_ref idref="oc-12"/>
      </symbol>
      <symbol id="sm-29d">
         <name>snprintf</name>
         <value>0x5665</value>
         <object_component_ref idref="oc-9c"/>
      </symbol>
      <symbol id="sm-2e1">
         <name>atan2</name>
         <value>0x3dcd</value>
         <object_component_ref idref="oc-133"/>
      </symbol>
      <symbol id="sm-2e2">
         <name>atan2l</name>
         <value>0x3dcd</value>
         <object_component_ref idref="oc-133"/>
      </symbol>
      <symbol id="sm-304">
         <name>sqrtl</name>
         <value>0x47a1</value>
         <object_component_ref idref="oc-12d"/>
      </symbol>
      <symbol id="sm-305">
         <name>sqrt</name>
         <value>0x47a1</value>
         <object_component_ref idref="oc-12d"/>
      </symbol>
      <symbol id="sm-33b">
         <name>atanl</name>
         <value>0x3605</value>
         <object_component_ref idref="oc-21c"/>
      </symbol>
      <symbol id="sm-33c">
         <name>atan</name>
         <value>0x3605</value>
         <object_component_ref idref="oc-21c"/>
      </symbol>
      <symbol id="sm-38d">
         <name>cosl</name>
         <value>0x19d5</value>
         <object_component_ref idref="oc-127"/>
      </symbol>
      <symbol id="sm-38e">
         <name>cos</name>
         <value>0x19d5</value>
         <object_component_ref idref="oc-127"/>
      </symbol>
      <symbol id="sm-3de">
         <name>sin</name>
         <value>0x13f5</value>
         <object_component_ref idref="oc-121"/>
      </symbol>
      <symbol id="sm-3df">
         <name>sinl</name>
         <value>0x13f5</value>
         <object_component_ref idref="oc-121"/>
      </symbol>
      <symbol id="sm-3f6">
         <name>__aeabi_dsub</name>
         <value>0x4181</value>
         <object_component_ref idref="oc-97"/>
      </symbol>
      <symbol id="sm-3f7">
         <name>__aeabi_dadd</name>
         <value>0x418b</value>
         <object_component_ref idref="oc-97"/>
      </symbol>
      <symbol id="sm-419">
         <name>__aeabi_cdcmpeq</name>
         <value>0x5179</value>
         <object_component_ref idref="oc-1fa"/>
      </symbol>
      <symbol id="sm-41a">
         <name>__aeabi_cdcmple</name>
         <value>0x5179</value>
         <object_component_ref idref="oc-1fa"/>
      </symbol>
      <symbol id="sm-41b">
         <name>__aeabi_cdrcmple</name>
         <value>0x51ff</value>
         <object_component_ref idref="oc-92"/>
      </symbol>
      <symbol id="sm-42f">
         <name>__aeabi_ddiv</name>
         <value>0x4a35</value>
         <object_component_ref idref="oc-112"/>
      </symbol>
      <symbol id="sm-43a">
         <name>__aeabi_dmul</name>
         <value>0x4da1</value>
         <object_component_ref idref="oc-10d"/>
      </symbol>
      <symbol id="sm-444">
         <name>__aeabi_d2iz</name>
         <value>0x56b1</value>
         <object_component_ref idref="oc-a2"/>
      </symbol>
      <symbol id="sm-450">
         <name>__aeabi_d2f</name>
         <value>0x53e3</value>
         <object_component_ref idref="oc-117"/>
      </symbol>
      <symbol id="sm-45b">
         <name>__aeabi_f2d</name>
         <value>0x577b</value>
         <object_component_ref idref="oc-11c"/>
      </symbol>
      <symbol id="sm-465">
         <name>__aeabi_i2d</name>
         <value>0x5819</value>
         <object_component_ref idref="oc-139"/>
      </symbol>
      <symbol id="sm-480">
         <name>memcpy</name>
         <value>0x5047</value>
         <object_component_ref idref="oc-41"/>
      </symbol>
      <symbol id="sm-481">
         <name>__aeabi_memcpy</name>
         <value>0x5047</value>
         <object_component_ref idref="oc-41"/>
      </symbol>
      <symbol id="sm-482">
         <name>__aeabi_memcpy8</name>
         <value>0x5047</value>
         <object_component_ref idref="oc-41"/>
      </symbol>
      <symbol id="sm-483">
         <name>__aeabi_memcpy4</name>
         <value>0x5047</value>
         <object_component_ref idref="oc-41"/>
      </symbol>
      <symbol id="sm-49a">
         <name>__TI_zero_init</name>
         <value>0x58f1</value>
         <object_component_ref idref="oc-53"/>
      </symbol>
      <symbol id="sm-4b1">
         <name>__TI_decompress_none</name>
         <value>0x58e3</value>
         <object_component_ref idref="oc-1b"/>
      </symbol>
      <symbol id="sm-4d4">
         <name>__TI_decompress_lzss</name>
         <value>0x5451</value>
         <object_component_ref idref="oc-15"/>
      </symbol>
      <symbol id="sm-4e1">
         <name>atof</name>
         <value>0x58bf</value>
         <object_component_ref idref="oc-147"/>
      </symbol>
      <symbol id="sm-4f7">
         <name>atoi</name>
         <value>0x5619</value>
         <object_component_ref idref="oc-86"/>
      </symbol>
      <symbol id="sm-502">
         <name>_ctypes_</name>
         <value>0x5a70</value>
         <object_component_ref idref="oc-142"/>
      </symbol>
      <symbol id="sm-562">
         <name>strtold</name>
         <value>0x2e89</value>
         <object_component_ref idref="oc-22e"/>
      </symbol>
      <symbol id="sm-563">
         <name>strtod</name>
         <value>0x2e89</value>
         <object_component_ref idref="oc-22e"/>
      </symbol>
      <symbol id="sm-5d3">
         <name>__kernel_rem_pio2</name>
         <value>0xcbd</value>
         <object_component_ref idref="oc-1ff"/>
      </symbol>
      <symbol id="sm-5e9">
         <name>__aeabi_errno_addr</name>
         <value>0x5909</value>
         <object_component_ref idref="oc-214"/>
      </symbol>
      <symbol id="sm-5ea">
         <name>errno</name>
         <value>0x20003194</value>
         <object_component_ref idref="oc-2bf"/>
      </symbol>
      <symbol id="sm-5fd">
         <name>__stack</name>
         <value>0x20002f38</value>
         <object_component_ref idref="oc-24"/>
      </symbol>
      <symbol id="sm-5fe">
         <name>_c_int00_noargs</name>
         <value>0x57b5</value>
         <object_component_ref idref="oc-5f"/>
      </symbol>
      <symbol id="sm-763">
         <name>__TI_printfi</name>
         <value>0x26d</value>
         <object_component_ref idref="oc-15d"/>
      </symbol>
      <symbol id="sm-779">
         <name>__kernel_cos</name>
         <value>0x4631</value>
         <object_component_ref idref="oc-205"/>
      </symbol>
      <symbol id="sm-790">
         <name>__kernel_sin</name>
         <value>0x44bd</value>
         <object_component_ref idref="oc-1f4"/>
      </symbol>
      <symbol id="sm-7ad">
         <name>floorl</name>
         <value>0x4e9d</value>
         <object_component_ref idref="oc-2a3"/>
      </symbol>
      <symbol id="sm-7ae">
         <name>floor</name>
         <value>0x4e9d</value>
         <object_component_ref idref="oc-2a3"/>
      </symbol>
      <symbol id="sm-7c4">
         <name>frexpl</name>
         <value>0x54b9</value>
         <object_component_ref idref="oc-2ff"/>
      </symbol>
      <symbol id="sm-7c5">
         <name>frexp</name>
         <value>0x54b9</value>
         <object_component_ref idref="oc-2ff"/>
      </symbol>
      <symbol id="sm-7e2">
         <name>scalbn</name>
         <value>0x4c91</value>
         <object_component_ref idref="oc-29d"/>
      </symbol>
      <symbol id="sm-7e3">
         <name>scalbnl</name>
         <value>0x4c91</value>
         <object_component_ref idref="oc-29d"/>
      </symbol>
      <symbol id="sm-7e4">
         <name>ldexpl</name>
         <value>0x4c91</value>
         <object_component_ref idref="oc-29d"/>
      </symbol>
      <symbol id="sm-7e5">
         <name>ldexp</name>
         <value>0x4c91</value>
         <object_component_ref idref="oc-29d"/>
      </symbol>
      <symbol id="sm-7fe">
         <name>wcslen</name>
         <value>0x58d1</value>
         <object_component_ref idref="oc-264"/>
      </symbol>
      <symbol id="sm-80b">
         <name>__aeabi_uldivmod</name>
         <value>0x50e3</value>
         <object_component_ref idref="oc-2d8"/>
      </symbol>
      <symbol id="sm-81a">
         <name>__aeabi_memset</name>
         <value>0x5287</value>
         <object_component_ref idref="oc-e2"/>
      </symbol>
      <symbol id="sm-81b">
         <name>memset</name>
         <value>0x528d</value>
         <object_component_ref idref="oc-e2"/>
      </symbol>
      <symbol id="sm-81c">
         <name>__aeabi_memset8</name>
         <value>0x5287</value>
         <object_component_ref idref="oc-e2"/>
      </symbol>
      <symbol id="sm-81d">
         <name>__aeabi_memset4</name>
         <value>0x5287</value>
         <object_component_ref idref="oc-e2"/>
      </symbol>
      <symbol id="sm-81e">
         <name>__aeabi_memclr8</name>
         <value>0x5285</value>
         <object_component_ref idref="oc-e2"/>
      </symbol>
      <symbol id="sm-81f">
         <name>__aeabi_memclr4</name>
         <value>0x5285</value>
         <object_component_ref idref="oc-e2"/>
      </symbol>
      <symbol id="sm-820">
         <name>__aeabi_memclr</name>
         <value>0x5285</value>
         <object_component_ref idref="oc-e2"/>
      </symbol>
      <symbol id="sm-848">
         <name>__TI_auto_init_nobinit_nopinit</name>
         <value>0x56f9</value>
         <object_component_ref idref="oc-1ba"/>
      </symbol>
      <symbol id="sm-852">
         <name>_system_pre_init</name>
         <value>0x5911</value>
         <object_component_ref idref="oc-e8"/>
      </symbol>
      <symbol id="sm-85e">
         <name>C$$EXIT</name>
         <value>0x5915</value>
         <object_component_ref idref="oc-1ae"/>
      </symbol>
      <symbol id="sm-85f">
         <name>abort</name>
         <value>0x5915</value>
         <object_component_ref idref="oc-1ae"/>
      </symbol>
      <symbol id="sm-86f">
         <name>__TI_ltoa</name>
         <value>0x5573</value>
         <object_component_ref idref="oc-2de"/>
      </symbol>
      <symbol id="sm-880">
         <name>memccpy</name>
         <value>0x5847</value>
         <object_component_ref idref="oc-25e"/>
      </symbol>
      <symbol id="sm-890">
         <name>strchr</name>
         <value>0x5895</value>
         <object_component_ref idref="oc-305"/>
      </symbol>
      <symbol id="sm-89e">
         <name>strlen</name>
         <value>0x58ab</value>
         <object_component_ref idref="oc-23a"/>
      </symbol>
      <symbol id="sm-8a8">
         <name>copysign</name>
         <value>0x5863</value>
         <object_component_ref idref="oc-344"/>
      </symbol>
      <symbol id="sm-8a9">
         <name>copysignl</name>
         <value>0x5863</value>
         <object_component_ref idref="oc-344"/>
      </symbol>
      <symbol id="sm-8b3">
         <name>__aeabi_idiv0</name>
         <value>0xcbb</value>
         <object_component_ref idref="oc-367"/>
      </symbol>
      <symbol id="sm-8b4">
         <name>__aeabi_ldiv0</name>
         <value>0xcbb</value>
         <object_component_ref idref="oc-367"/>
      </symbol>
      <symbol id="sm-8b5">
         <name>__TI_static_base__</name>
         <value>0x0</value>
      </symbol>
      <symbol id="sm-8b8">
         <name>__mpu_init</name>
         <value>0x0</value>
      </symbol>
      <symbol id="sm-8b9">
         <name>_system_post_cinit</name>
         <value>0x0</value>
      </symbol>
   </symbol_table>
   <title>Link successful</title>
</link_info>
